0 verbose cli /opt/homebrew/Cellar/node/26.5.0_1/bin/node /opt/homebrew/lib/node_modules/npm/bin/npm-cli.js
1 info using npm@11.17.0
2 info using node@v26.5.0
3 silly config load:file:/opt/homebrew/lib/node_modules/npm/npmrc
4 silly config load:file:/Users/abhay/Documents/unsiiyat_ui/.npmrc
5 silly config load:file:/opt/homebrew/etc/npmrc
6 verbose title npm exec @angular/cli version
7 verbose argv "exec" "--yes" "--" "@angular/cli" "version"
8 verbose logfile logs-max:10 dir:/Users/abhay/Documents/unsiiyat_ui/.npm/_logs/2026-08-31T12_44_36_960Z-
9 verbose logfile /Users/abhay/Documents/unsiiyat_ui/.npm/_logs/2026-08-31T12_44_36_960Z-debug-0.log
10 silly logfile done cleaning log files
11 silly packumentCache heap:2248146944 maxSize:562036736 maxEntrySize:281018368
12 http fetch GET https://registry.npmjs.org/npm attempt 1 failed with ENOTFOUND
13 http fetch GET https://registry.npmjs.org/@angular%2fcli attempt 1 failed with ENOTFOUND
14 http fetch GET https://registry.npmjs.org/npm attempt 2 failed with ENOTFOUND
15 http fetch GET https://registry.npmjs.org/@angular%2fcli attempt 2 failed with ENOTFOUND
16 http fetch GET https://registry.npmjs.org/npm attempt 3 failed with ENOTFOUND
17 http fetch GET https://registry.npmjs.org/@angular%2fcli attempt 3 failed with ENOTFOUND
18 verbose type system
19 verbose stack FetchError: request to https://registry.npmjs.org/@angular%2fcli failed, reason: getaddrinfo ENOTFOUND registry.npmjs.org
19 verbose stack     at ClientRequest.<anonymous> (/opt/homebrew/lib/node_modules/npm/node_modules/minipass-fetch/lib/index.js:130:14)
19 verbose stack     at ClientRequest.emit (node:events:509:20)
19 verbose stack     at emitErrorEvent (node:_http_client:112:11)
19 verbose stack     at _destroy (node:_http_client:1146:9)
19 verbose stack     at onSocketNT (node:_http_client:1167:5)
19 verbose stack     at process.processTicksAndRejections (node:internal/process/task_queues:91:21)
20 error code ENOTFOUND
21 error syscall getaddrinfo
22 error errno ENOTFOUND
23 error network request to https://registry.npmjs.org/@angular%2fcli failed, reason: getaddrinfo ENOTFOUND registry.npmjs.org
24 error network This is a problem related to network connectivity.
24 error network In most cases you are behind a proxy or have bad network settings.
24 error network
24 error network If you are behind a proxy, please make sure that the 'proxy' config is set properly.  See: 'npm help config'
25 verbose cwd /Users/abhay/Documents/unsiiyat_ui
26 verbose os Darwin 25.5.0
27 verbose node v26.5.0
28 verbose npm  v11.17.0
29 verbose exit 1
30 verbose code 1
31 error A complete log of this run can be found in: /Users/abhay/Documents/unsiiyat_ui/.npm/_logs/2026-08-31T12_44_36_960Z-debug-0.log
